2026-05-06T00:51:17.454657293 [anonymous-instance:fc_api:INFO:src/firecracker/src/api_server/parsed_request.rs:179] The request was executed successfully. Status code: 204 No Content.
2026-05-06T00:51:17.454695745 [anonymous-instance:fc_api:DEBUG:src/firecracker/src/api_server/mod.rs:115] Total previous API call duration: 170 us.
2026-05-06T00:51:17.475062869 [anonymous-instance:fc_api:INFO:src/firecracker/src/api_server/parsed_request.rs:74] The API server received a Put request on "/boot-source" with body "{\n    \"kernel_image_path\": \"/home/chewie/firecracker-tooling-setup/vmlinux-6.1.155\",\n    \"boot_args\": \"console=ttyS0 reboot=k panic=1 init=/var/runtime/bootstrap handler=function.handler\"\n}".
2026-05-06T00:51:17.475219232 [anonymous-instance:fc_api:INFO:src/firecracker/src/api_server/parsed_request.rs:179] The request was executed successfully. Status code: 204 No Content.
2026-05-06T00:51:17.475240943 [anonymous-instance:fc_api:DEBUG:src/firecracker/src/api_server/mod.rs:115] Total previous API call duration: 190 us.
2026-05-06T00:51:17.497020215 [anonymous-instance:fc_api:INFO:src/firecracker/src/api_server/parsed_request.rs:74] The API server received a Put request on "/drives/rootfs" with body "{\n    \"drive_id\": \"rootfs\",\n    \"path_on_host\": \"/home/chewie/firecracker-tooling-setup/aws_baseimage.ext4\",\n    \"is_root_device\": true,\n    \"is_read_only\": false\n}".
2026-05-06T00:51:17.497173864 [anonymous-instance:fc_api:INFO:src/firecracker/src/api_server/parsed_request.rs:179] The request was executed successfully. Status code: 204 No Content.
2026-05-06T00:51:17.497197929 [anonymous-instance:fc_api:DEBUG:src/firecracker/src/api_server/mod.rs:115] Total previous API call duration: 186 us.
2026-05-06T00:51:17.518083765 [anonymous-instance:fc_api:INFO:src/firecracker/src/api_server/parsed_request.rs:74] The API server received a Put request on "/drives/function" with body "{\n    \"drive_id\": \"function\",\n    \"path_on_host\": \"/home/chewie/firecracker-tooling-setup/function.ext4\",\n    \"is_root_device\": false,\n    \"is_read_only\": true\n}".
2026-05-06T00:51:17.518200404 [anonymous-instance:fc_api:INFO:src/firecracker/src/api_server/parsed_request.rs:179] The request was executed successfully. Status code: 204 No Content.
2026-05-06T00:51:17.518210323 [anonymous-instance:fc_api:DEBUG:src/firecracker/src/api_server/mod.rs:115] Total previous API call duration: 133 us.
2026-05-06T00:51:17.539891151 [anonymous-instance:fc_api:INFO:src/firecracker/src/api_server/parsed_request.rs:74] The API server received a Put request on "/network-interfaces/net1" with body "{\n    \"iface_id\": \"net1\",\n    \"guest_mac\": \"06:00:AC:10:00:02\",\n    \"host_dev_name\": \"tap0\"\n}".
2026-05-06T00:51:17.540534918 [anonymous-instance:fc_api:INFO:src/firecracker/src/api_server/parsed_request.rs:179] The request was executed successfully. Status code: 204 No Content.
2026-05-06T00:51:17.540568391 [anonymous-instance:fc_api:DEBUG:src/firecracker/src/api_server/mod.rs:115] Total previous API call duration: 684 us.
2026-05-06T00:51:17.581591650 [anonymous-instance:fc_api:INFO:src/firecracker/src/api_server/parsed_request.rs:74] The API server received a Put request on "/actions" with body "{ \"action_type\": \"InstanceStart\" }".
2026-05-06T00:51:17.581647054 [anonymous-instance:main:DEBUG:src/vmm/src/builder.rs:383] event_start: build microvm for boot
2026-05-06T00:51:17.588400372 [anonymous-instance:main:DEBUG:src/vmm/src/arch/x86_64/mod.rs:458] Kernel loaded using PVH boot protocol
2026-05-06T00:51:17.588448332 [anonymous-instance:main:INFO:src/vmm/src/devices/pci/pci_segment.rs:132] pci: adding PCI segment: id=0x0, PCI MMIO config address: 0xeec00000, mem32 area: [0xc0001000-0xeebfffff], mem64 area: [0x4000000000-0x7fffffffff] IO area: [0xcf8-0xcff]
2026-05-06T00:51:17.588505178 [anonymous-instance:main:DEBUG:src/vmm/src/device_manager/pci_mngr.rs:119] Allocating BDF: 0000:00:01.0 for device
2026-05-06T00:51:17.588528382 [anonymous-instance:main:DEBUG:src/vmm/src/vstate/vm.rs:474] Creating new MSI group with 2 vectors
2026-05-06T00:51:17.588577775 [anonymous-instance:main:DEBUG:src/vmm/src/device_manager/pci_mngr.rs:95] Inserting MMIO BAR region: 0x4000000000:0x80000
2026-05-06T00:51:17.588603904 [anonymous-instance:main:DEBUG:src/vmm/src/device_manager/pci_mngr.rs:119] Allocating BDF: 0000:00:02.0 for device
2026-05-06T00:51:17.588613211 [anonymous-instance:main:DEBUG:src/vmm/src/vstate/vm.rs:474] Creating new MSI group with 2 vectors
2026-05-06T00:51:17.588638649 [anonymous-instance:main:DEBUG:src/vmm/src/device_manager/pci_mngr.rs:95] Inserting MMIO BAR region: 0x4000080000:0x80000
2026-05-06T00:51:17.588654228 [anonymous-instance:main:DEBUG:src/vmm/src/device_manager/pci_mngr.rs:119] Allocating BDF: 0000:00:03.0 for device
2026-05-06T00:51:17.588662133 [anonymous-instance:main:DEBUG:src/vmm/src/vstate/vm.rs:474] Creating new MSI group with 3 vectors
2026-05-06T00:51:17.588684645 [anonymous-instance:main:DEBUG:src/vmm/src/device_manager/pci_mngr.rs:95] Inserting MMIO BAR region: 0x4000100000:0x80000
2026-05-06T00:51:17.588701166 [anonymous-instance:main:DEBUG:src/vmm/src/devices/acpi/vmgenid.rs:61] vmgenid: building VMGenID device. Address: 0x000dfff0. IRQ: 5
2026-05-06T00:51:17.588744036 [anonymous-instance:main:DEBUG:src/vmm/src/devices/acpi/vmgenid.rs:114] vmgenid: writing new generation ID to guest: 0xefb6710a87f923e7409639b96d174e99
2026-05-06T00:51:17.589042757 [anonymous-instance:main:DEBUG:src/vmm/src/arch/x86_64/mptable.rs:129] mptable: Allocated 304 bytes for MPTable 1 vCPUs at address 0x0009fc00
2026-05-06T00:51:17.589242882 [anonymous-instance:main:DEBUG:src/vmm/src/acpi/mod.rs:73] acpi: Wrote table (4129 bytes) at address: 0x0009fd30
2026-05-06T00:51:17.589257480 [anonymous-instance:main:DEBUG:src/vmm/src/acpi/mod.rs:73] acpi: Wrote table (276 bytes) at address: 0x000a0d51
2026-05-06T00:51:17.589265915 [anonymous-instance:main:DEBUG:src/vmm/src/acpi/mod.rs:73] acpi: Wrote table (64 bytes) at address: 0x000a0e65
2026-05-06T00:51:17.589273199 [anonymous-instance:main:DEBUG:src/vmm/src/acpi/mod.rs:73] acpi: Wrote table (60 bytes) at address: 0x000a0ea5
2026-05-06T00:51:17.589282647 [anonymous-instance:main:DEBUG:src/vmm/src/acpi/mod.rs:73] acpi: Wrote table (60 bytes) at address: 0x000a0ee1
2026-05-06T00:51:17.589290401 [anonymous-instance:main:DEBUG:src/vmm/src/acpi/mod.rs:184] acpi: Wrote RSDP (36 bytes) at address: 0x000e0000
2026-05-06T00:51:17.589878194 [anonymous-instance:main:DEBUG:src/vmm/src/builder.rs:385] event_end: build microvm for boot
2026-05-06T00:51:17.589896188 [anonymous-instance:main:DEBUG:src/vmm/src/builder.rs:387] event_start: boot microvm
2026-05-06T00:51:17.589903281 [anonymous-instance:main:INFO:src/vmm/src/device_manager/mod.rs:281] Artificially kick devices
2026-05-06T00:51:17.589991687 [anonymous-instance:fc_vcpu 0:WARN:src/vmm/src/vstate/vcpu.rs:303] Received a VcpuEvent::Resume message with immediate_exit enabled. immediate_exit was disabled before proceeding
2026-05-06T00:51:17.590040879 [anonymous-instance:main:DEBUG:src/vmm/src/builder.rs:389] event_end: boot microvm
2026-05-06T00:51:17.590094229 [anonymous-instance:fc_api:INFO:src/firecracker/src/api_server/parsed_request.rs:179] The request was executed successfully. Status code: 204 No Content.
2026-05-06T00:51:17.590174329 [anonymous-instance:fc_api:DEBUG:src/firecracker/src/api_server/mod.rs:115] Total previous API call duration: 8587 us.
2026-05-06T00:51:17.826525585 [anonymous-instance:fc_vcpu 0:WARN:src/vmm/src/arch/x86_64/vcpu.rs:731] vcpu: IO read @ 0x87:0x1 failed: bus_error: MissingAddressRange
2026-05-06T00:51:17.866217287 [anonymous-instance:fc_vcpu 0:DEBUG:src/vmm/src/pci/msix.rs:188] MSI-X disabled for device 0x8
2026-05-06T00:51:17.866423333 [anonymous-instance:fc_vcpu 0:DEBUG:src/vmm/src/pci/msix.rs:174] MSI-X enabled for device 0x8
2026-05-06T00:51:17.868751921 [anonymous-instance:fc_vcpu 0:DEBUG:src/vmm/src/devices/virtio/transport/pci/device.rs:883] Activating device
2026-05-06T00:51:17.870118845 [anonymous-instance:fc_vcpu 0:DEBUG:src/vmm/src/pci/msix.rs:188] MSI-X disabled for device 0x10
2026-05-06T00:51:17.870351982 [anonymous-instance:fc_vcpu 0:DEBUG:src/vmm/src/pci/msix.rs:174] MSI-X enabled for device 0x10
2026-05-06T00:51:17.877207171 [anonymous-instance:fc_vcpu 0:DEBUG:src/vmm/src/devices/virtio/transport/pci/device.rs:883] Activating device
2026-05-06T00:51:17.879659812 [anonymous-instance:fc_vcpu 0:DEBUG:src/vmm/src/pci/msix.rs:188] MSI-X disabled for device 0x18
2026-05-06T00:51:17.879915341 [anonymous-instance:fc_vcpu 0:DEBUG:src/vmm/src/pci/msix.rs:174] MSI-X enabled for device 0x18
2026-05-06T00:51:17.880757380 [anonymous-instance:fc_vcpu 0:DEBUG:src/vmm/src/devices/virtio/transport/pci/device.rs:883] Activating device
026-05-06T00:48:25.142006063 [anonymous-instance:main:INFO:src/vmm/src/lib.rs:779] Vmm is stopping.
2026-05-06T00:48:25.142082256 [anonymous-instance:fc_api:DEBUG:src/firecracker/src/api_server/mod.rs:96] shutdown request received, API server thread ending.
2026-05-06T00:48:25.142346141 [anonymous-instance:main:INFO:src/vmm/src/lib.rs:819] Killing vCPU threads
2026-05-06T00:48:25.169007771 [anonymous-instance:main:INFO:src/firecracker/src/main.rs:103] Firecracker exiting successfully. exit_code=0
nymous-instance:fc_api:ERROR:src/firecracker/src/api_server/parsed_request.rs:210] Received Error. Status code: 400 Bad Request. Message: The requested operation is not supported after starting the microVM.
2026-05-06T00:19:24.325366367 [anonymous-instance:fc_api:DEBUG:src/firecracker/src/api_server/mod.rs:115] Total previous API call duration: 222 us.
2026-05-06T00:19:24.345874154 [anonymous-instance:fc_api:INFO:src/firecracker/src/api_server/parsed_request.rs:74] The API server received a Put request on "/boot-source" with body "{\n    \"kernel_image_path\": \"/home/chewie/firecracker-tooling-setup/vmlinux-6.1.155\",\n    \"boot_args\": \"console=ttyS0 reboot=k panic=1 init=/var/runtime/bootstrap handler=function.handler\"\n}".
2026-05-06T00:19:24.345954014 [anonymous-instance:fc_api:ERROR:src/firecracker/src/api_server/parsed_request.rs:210] Received Error. Status code: 400 Bad Request. Message: The requested operation is not supported after starting the microVM.
2026-05-06T00:19:24.345967720 [anonymous-instance:fc_api:DEBUG:src/firecracker/src/api_server/mod.rs:115] Total previous API call duration: 108 us.
2026-05-06T00:19:24.365626775 [anonymous-instance:fc_api:INFO:src/firecracker/src/api_server/parsed_request.rs:74] The API server received a Put request on "/drives/rootfs" with body "{\n    \"drive_id\": \"rootfs\",\n    \"path_on_host\": \"/home/chewie/firecracker-tooling-setup/aws_baseimage.ext4\",\n    \"is_root_device\": true,\n    \"is_read_only\": false\n}".
2026-05-06T00:19:24.365702948 [anonymous-instance:fc_api:ERROR:src/firecracker/src/api_server/parsed_request.rs:210] Received Error. Status code: 400 Bad Request. Message: The requested operation is not supported after starting the microVM.
2026-05-06T00:19:24.365716383 [anonymous-instance:fc_api:DEBUG:src/firecracker/src/api_server/mod.rs:115] Total previous API call duration: 105 us.
2026-05-06T00:19:24.386261080 [anonymous-instance:fc_api:INFO:src/firecracker/src/api_server/parsed_request.rs:74] The API server received a Put request on "/drives/function" with body "{\n    \"drive_id\": \"function\",\n    \"path_on_host\": \"/home/chewie/firecracker-tooling-setup/function.ext4\",\n    \"is_root_device\": false,\n    \"is_read_only\": true\n}".
2026-05-06T00:19:24.386343935 [anonymous-instance:fc_api:ERROR:src/firecracker/src/api_server/parsed_request.rs:210] Received Error. Status code: 400 Bad Request. Message: The requested operation is not supported after starting the microVM.
2026-05-06T00:19:24.386358903 [anonymous-instance:fc_api:DEBUG:src/firecracker/src/api_server/mod.rs:115] Total previous API call duration: 112 us.
2026-05-06T00:19:24.406184261 [anonymous-instance:fc_api:INFO:src/firecracker/src/api_server/parsed_request.rs:74] The API server received a Put request on "/network-interfaces/net1" with body "{\n    \"iface_id\": \"net1\",\n    \"guest_mac\": \"06:00:AC:10:00:02\",\n    \"host_dev_name\": \"tap0\"\n}".
2026-05-06T00:19:24.406306781 [anonymous-instance:fc_api:ERROR:src/firecracker/src/api_server/parsed_request.rs:210] Received Error. Status code: 400 Bad Request. Message: The requested operation is not supported after starting the microVM.
2026-05-06T00:19:24.406352356 [anonymous-instance:fc_api:DEBUG:src/firecracker/src/api_server/mod.rs:115] Total previous API call duration: 176 us.
2026-05-06T00:19:24.449224403 [anonymous-instance:fc_api:INFO:src/firecracker/src/api_server/parsed_request.rs:74] The API server received a Put request on "/actions" with body "{ \"action_type\": \"InstanceStart\" }".
2026-05-06T00:19:24.449324130 [anonymous-instance:fc_api:ERROR:src/firecracker/src/api_server/parsed_request.rs:210] Received Error. Status code: 400 Bad Request. Message: The requested operation is not supported after starting the microVM.
2026-05-06T00:19:24.449346953 [anonymous-instance:fc_api:DEBUG:src/firecracker/src/api_server/mod.rs:115] Total previous API call duration: 129 us.
2026-05-06T00:19:44.403705096 [anonymous-instance:main:ERROR:src/vmm/src/signal_handler.rs:118] Shutting down VM after intercepting signal 1, code 0.
